---
source: utoipa-gen/tests/path_derive.rs
expression: value
snapshot_kind: text
---
[
  {
    "in": "query",
    "name": "email",
    "required": true,
    "schema": {
      "description": "this is the description",
      "format": "email",
      "type": "string"
    }
  },
  {
    "in": "query",
    "name": "email2",
    "required": true,
    "schema": {
      "description": "this is the description",
      "format": "email",
      "type": "string"
    }
  }
]
